// Jest Snapshot v1, https://goo.gl/fbAQLP

exports[`SideModal renders its children when is open 1`] = `
<SideModal
  open={false}
>
  <div
    className="side-modal "
  />
</SideModal>
`;

exports[`SideModal renders its children when is open 2`] = `
<SideModal
  open={true}
>
  <div
    className="side-modal side-modal--open"
  >
    <Spring
      config={
        Object {
          "friction": 26,
          "tension": 170,
        }
      }
      force={false}
      from={
        Object {
          "opacity": 0.8,
          "transform": "translate3d(-100%,0,0)",
        }
      }
      immediate={false}
      inject={[Function]}
      native={false}
      reset={false}
      to={
        Object {
          "opacity": 1,
          "transform": "translate3d(0%,0,0)",
        }
      }
    >
      <div
        className="side-modal__content shadow"
        onClick={[Function]}
        style={
          Object {
            "opacity": 0.8,
            "transform": "translate3d(-100%,0,0)",
          }
        }
      >
        <div
          className="side-modal__clear"
        >
          <i
            className="ml-2 material-icons"
          >
            clear
          </i>
        </div>
        <div
          id="child"
        />
      </div>
    </Spring>
  </div>
</SideModal>
`;
