// Jest Snapshot v1, https://goo.gl/fbAQLP

exports[`About renders the about page 1`] = `
<p>
  about
</p>
`;
